// Jest Snapshot v1, https://goo.gl/fbAQLP

exports[`Ribbon rtl render component should be rendered correctly in RTL direction 1`] = `
<div
  class="ezd-ribbon-wrapper"
>
  <div
    class="ezd-ribbon ezd-ribbon-placement-end ezd-ribbon-rtl"
  >
    <span
      class="ezd-ribbon-text"
    />
    <div
      class="ezd-ribbon-corner"
    />
  </div>
</div>
`;
