// Jest Snapshot v1, https://goo.gl/fbAQLP

exports[`TimeLine rtl render component should be rendered correctly in RTL direction 1`] = `
<ul
  class="ezd-timeline ezd-timeline-rtl"
/>
`;

exports[`TimeLine rtl render component should be rendered correctly in RTL direction 2`] = `
<li
  class="ezd-timeline-item"
>
  <div
    class="ezd-timeline-item-tail"
  />
  <div
    class="ezd-timeline-item-head ezd-timeline-item-head-blue"
  />
  <div
    class="ezd-timeline-item-content"
  />
</li>
`;
