// Jest Snapshot v1, https://goo.gl/fbAQLP

exports[`Checkbox rtl render component should be rendered correctly in RTL direction 1`] = `
<label
  class="ezd-checkbox-wrapper ezd-checkbox-rtl"
>
  <span
    class="ezd-checkbox"
  >
    <input
      class="ezd-checkbox-input"
      type="checkbox"
    />
    <span
      class="ezd-checkbox-inner"
    />
  </span>
</label>
`;
