// Jest Snapshot v1, https://goo.gl/fbAQLP

exports[`Upload rtl render component should be rendered correctly in RTL direction 1`] = `
<span
  class=""
>
  <div
    class="ezd-upload ezd-upload-select ezd-upload-select-text ezd-upload-rtl"
    style="display:none"
  >
    <span
      class="ezd-upload"
      role="button"
      tabindex="0"
    >
      <input
        accept=""
        style="display:none"
        type="file"
      />
    </span>
  </div>
  <div
    class="ezd-upload-list ezd-upload-list-text ezd-upload-list-rtl"
  />
</span>
`;
