// Jest Snapshot v1, https://goo.gl/fbAQLP

exports[`Switch rtl render component should be rendered correctly in RTL direction 1`] = `
<button
  aria-checked="false"
  class="ezd-switch ezd-switch-rtl"
  role="switch"
  type="button"
>
  <div
    class="ezd-switch-handle"
  />
  <span
    class="ezd-switch-inner"
  />
</button>
`;
